Welcome to the full test suite.
This line tests a simple deletion.
This one tests a highlight. 

Let's test structural edits. We will move C to the end of the line.
A. B. 
And now we place it here: C.

Finally, let's test a copy.
Original: Source. Copied: Source.
